# The 						Stanford Daily
## 
### 
CORRECTIONS POLICY
It is the policy of The Stanford Daily to correct all significant
errors brought to the attention of the editors.
If you think there is a need for a correction regarding any article,
editorial, column, headline, photo or graphic printed 'n The Daily,
please contact Editor in Chief Therese Lee at (650) 725-2100 or
e-mail her at eic@daily.stanford.edu. ™«rtinn«
The Daily will investigate all legitimate requests for corrections
and reserves the right to determine if a printed correction is neces
sary. All corrections will be printed in this space.
POSTAL NOnCB: The Stanford Dally (USTO 5 ItMM)
by The Stanford Dally Publl.hlnjl CorpJ3to*ePotion. Bulkflng ft antord du(lnfl m .cademlc year
advertleementa do not neceasarily reflect •ditortal °P lnk "V Th * R P c u h«criotion ratea For California reek#ent«,
$ dX K advance Product*. «M. £3SS£tS
Printing, 1070 Commercial Street. San Joae.CA 951'12 POSTUWTEa Wease a „ P ,r o A | lo C A Copyright
Stanford Dally. Storka Publication# Building, Stanford, CA 94305 ponoaicai puowy »*■
© 1998 by Tha SUnford Dally Publishing Corp.
CORRECTIONS POLICY
It is the policy of The Stanford Daily to correct all significant
errors brought to the attention of the editors.
If you think there is a need for a correction regarding any article,
editorial, column, headline, photo or graphic printed 'n The Daily,
please contact Editor in Chief Therese Lee at (650) 725-2100 or
e-mail her at eic@daily.stanford.edu. ™«rtinn«
The Daily will investigate all legitimate requests for corrections
and reserves the right to determine if a printed correction is neces
sary. All corrections will be printed in this space.
POSTAL NOnCB: The Stanford Dally (USTO 5 ItMM)
by The Stanford Dally Publl.hlnjl CorpJ3to*ePotion. Bulkflng ft antord du(lnfl m .cademlc year
advertleementa do not neceasarily reflect •ditortal °P lnk "V Th * R P c u h«criotion ratea For California reek#ent«,
$ dX K advance Product*. «M. £3SS£tS
Printing, 1070 Commercial Street. San Joae.CA 951'12 POSTUWTEa Wease a „ P ,r o A | lo C A Copyright
Stanford Dally. Storka Publication# Building, Stanford, CA 94305 ponoaicai puowy »*■
© 1998 by Tha SUnford Dally Publishing Corp.
CORRECTIONS POLICY
It is the policy of The Stanford Daily to correct all significant
errors brought to the attention of the editors.
If you think there is a need for a correction regarding any article,
editorial, column, headline, photo or graphic printed 'n The Daily,
please contact Editor in Chief Therese Lee at (650) 725-2100 or
e-mail her at eic@daily.stanford.edu. ™«rtinn«
The Daily will investigate all legitimate requests for corrections
and reserves the right to determine if a printed correction is neces
sary. All corrections will be printed in this space.
POSTAL NOnCB: The Stanford Dally (USTO 5 ItMM)
by The Stanford Dally Publl.hlnjl CorpJ3to*ePotion. Bulkflng ft antord du(lnfl m .cademlc year
advertleementa do not neceasarily reflect •ditortal °P lnk "V Th * R P c u h«criotion ratea For California reek#ent«,
$ dX K advance Product*. «M. £3SS£tS
Printing, 1070 Commercial Street. San Joae.CA 951'12 POSTUWTEa Wease a „ P ,r o A | lo C A Copyright
Stanford Dally. Storka Publication# Building, Stanford, CA 94305 ponoaicai puowy »*■
© 1998 by Tha SUnford Dally Publishing Corp.
CORRECTIONS POLICY
It is the policy of The Stanford Daily to correct all significant
errors brought to the attention of the editors.
If you think there is a need for a correction regarding any article,
editorial, column, headline, photo or graphic printed 'n The Daily,
please contact Editor in Chief Therese Lee at (650) 725-2100 or
e-mail her at eic@daily.stanford.edu. ™«rtinn«
The Daily will investigate all legitimate requests for corrections
and reserves the right to determine if a printed correction is neces
sary. All corrections will be printed in this space.
POSTAL NOnCB: The Stanford Dally (USTO 5 ItMM)
by The Stanford Dally Publl.hlnjl CorpJ3to*ePotion. Bulkflng ft antord du(lnfl m .cademlc year
advertleementa do not neceasarily reflect •ditortal °P lnk "V Th * R P c u h«criotion ratea For California reek#ent«,
$ dX K advance Product*. «M. £3SS£tS
Printing, 1070 Commercial Street. San Joae.CA 951'12 POSTUWTEa Wease a „ P ,r o A | lo C A Copyright
Stanford Dally. Storka Publication# Building, Stanford, CA 94305 ponoaicai puowy »*■
© 1998 by Tha SUnford Dally Publishing Corp.
CORRECTIONS POLICY
It is the policy of The Stanford Daily to correct all significant
errors brought to the attention of the editors.
If you think there is a need for a correction regarding any article,
editorial, column, headline, photo or graphic printed 'n The Daily,
please contact Editor in Chief Therese Lee at (650) 725-2100 or
e-mail her at eic@daily.stanford.edu. ™«rtinn«
The Daily will investigate all legitimate requests for corrections
and reserves the right to determine if a printed correction is neces
sary. All corrections will be printed in this space.
POSTAL NOnCB: The Stanford Dally (USTO 5 ItMM)
by The Stanford Dally Publl.hlnjl CorpJ3to*ePotion. Bulkflng ft antord du(lnfl m .cademlc year
advertleementa do not neceasarily reflect •ditortal °P lnk "V Th * R P c u h«criotion ratea For California reek#ent«,
$ dX K advance Product*. «M. £3SS£tS
Printing, 1070 Commercial Street. San Joae.CA 951'12 POSTUWTEa Wease a „ P ,r o A | lo C A Copyright
Stanford Dally. Storka Publication# Building, Stanford, CA 94305 ponoaicai puowy »*■
© 1998 by Tha SUnford Dally Publishing Corp.
